<Body>
	<Header>ROBOT ARM LIGHT</Header>
	<p>SAW Controls</p>

	<p>SAW Software Requirements</p>
</Body> 