<one>
OSEE_LINK(#GUID#)
</one>
<two>
OSEE_LINK(#GUID#)
</two>